interactions:
- request:
    body: null
    headers:
      Content-Type: [application/json]
    method: GET
    uri: https://api.fastly.com/service/search?name=Jimdo%20Fastly%20Ansible%20Module%20Test
  response:
    body: {string: !!python/unicode '{"msg":"Record not found","detail":"Cannot load
        service ''15DqjG1ON0S28gluYrATvC''-''Jimdo Fastly Ansible Module Test''"}'}
    headers:
      accept-ranges: [bytes]
      age: ['0']
      connection: [keep-alive]
      content-length: ['117']
      content-type: [application/json]
      date: ['Wed, 29 Jun 2016 15:27:48 GMT']
      status: [404 Not Found]
      vary: [Accept-Encoding]
      via: [1.1 varnish, 1.1 varnish]
      x-cache: ['MISS, MISS']
      x-cache-hits: ['0, 0']
      x-served-by: ['app-slwdc9050-SL, cache-lhr6341-LHR']
    status: {code: 404, message: Not Found}
- request:
    body: !!python/unicode '{"name": "Jimdo Fastly Ansible Module Test"}'
    headers:
      Content-Type: [application/json]
    method: POST
    uri: https://api.fastly.com/service
  response:
    body: {string: !!python/unicode '{"name":"Jimdo Fastly Ansible Module Test","customer_id":"15DqjG1ON0S28gluYrATvC","publish_key":"826d0779494b82e34e7d857c56259ca57af3c953","versions":[{"testing":false,"locked":false,"number":1,"active":false,"service_id":"HDJQLQIaeDbxANyfGaEeg","staging":false,"created_at":"2016-06-29T15:27:48+00:00","deleted_at":null,"comment":"","updated_at":"2016-06-29T15:27:48+00:00","deployed":false}],"deleted_at":null,"created_at":"2016-06-29T15:27:48+00:00","comment":"","updated_at":"2016-06-29T15:27:48+00:00","id":"HDJQLQIaeDbxANyfGaEeg"}'}
    headers:
      accept-ranges: [bytes]
      cache-control: [no-cache]
      connection: [keep-alive]
      content-length: ['536']
      content-type: [application/json]
      date: ['Wed, 29 Jun 2016 15:27:48 GMT']
      fastly-ratelimit-remaining: ['982']
      fastly-ratelimit-reset: ['1467216000']
      status: [200 OK]
      vary: [Accept-Encoding]
      via: [1.1 varnish, 1.1 varnish]
      x-cache: ['MISS, MISS']
      x-cache-hits: ['0, 0']
      x-served-by: ['app-slwdc9050-SL, cache-lhr6335-LHR']
    status: {code: 200, message: OK}
- request:
    body: null
    headers:
      Content-Type: [application/json]
    method: GET
    uri: https://api.fastly.com/service/HDJQLQIaeDbxANyfGaEeg/details
  response:
    body: {string: !!python/unicode '{"name":"Jimdo Fastly Ansible Module Test","deleted_at":null,"versions":[{"testing":false,"locked":false,"number":1,"active":false,"service_id":"HDJQLQIaeDbxANyfGaEeg","staging":false,"created_at":"2016-06-29T15:27:48+00:00","deleted_at":null,"comment":"","updated_at":"2016-06-29T15:27:48+00:00","deployed":false}],"created_at":"2016-06-29T15:27:48+00:00","customer_id":"15DqjG1ON0S28gluYrATvC","comment":"","updated_at":"2016-06-29T15:27:48+00:00","id":"HDJQLQIaeDbxANyfGaEeg","version":{"testing":false,"number":1,"service_id":"HDJQLQIaeDbxANyfGaEeg","staging":false,"updated_at":"2016-06-29T15:27:48+00:00","deployed":false,"locked":false,"active":false,"deleted_at":null,"created_at":"2016-06-29T15:27:48+00:00","comment":"","backends":[],"directors":[],"domains":[],"healthchecks":[],"matches":[],"vcls":[],"wordpress":[],"settings":{"general.default_ttl":3600,"general.default_host":"","general.default_pci":0},"conditions":[],"request_settings":[],"cache_settings":[],"response_objects":[],"headers":[],"gzips":[]},"active_version":null}'}
    headers:
      accept-ranges: [bytes]
      age: ['0']
      cache-control: [no-cache]
      connection: [keep-alive]
      content-length: ['1045']
      content-type: [application/json]
      date: ['Wed, 29 Jun 2016 15:27:49 GMT']
      status: [200 OK]
      vary: [Accept-Encoding]
      via: [1.1 varnish, 1.1 varnish]
      x-cache: ['MISS, MISS']
      x-cache-hits: ['0, 0']
      x-served-by: ['app-slwdc9050-SL, cache-lhr6336-LHR']
    status: {code: 200, message: OK}
- request:
    body: null
    headers:
      Content-Type: [application/json]
    method: POST
    uri: https://api.fastly.com/service/HDJQLQIaeDbxANyfGaEeg/version
  response:
    body: {string: !!python/unicode '{"service_id":"HDJQLQIaeDbxANyfGaEeg","number":2}'}
    headers:
      accept-ranges: [bytes]
      cache-control: [no-cache]
      connection: [keep-alive]
      content-length: ['49']
      content-type: [application/json]
      date: ['Wed, 29 Jun 2016 15:27:49 GMT']
      fastly-ratelimit-remaining: ['981']
      fastly-ratelimit-reset: ['1467216000']
      status: [200 OK]
      vary: [Accept-Encoding]
      via: [1.1 varnish, 1.1 varnish]
      x-cache: ['MISS, MISS']
      x-cache-hits: ['0, 0']
      x-served-by: ['app-slwdc9051-SL, cache-lhr6325-LHR']
    status: {code: 200, message: OK}
- request:
    body: !!python/unicode '{"comment": "", "name": "cdn.example7000.com"}'
    headers:
      Content-Type: [application/json]
    method: POST
    uri: https://api.fastly.com/service/HDJQLQIaeDbxANyfGaEeg/version/2/domain
  response:
    body: {string: !!python/unicode '{"comment":"","name":"cdn.example7000.com","service_id":"HDJQLQIaeDbxANyfGaEeg","version":2,"created_at":"2016-06-29T15:27:51+00:00","deleted_at":null,"updated_at":"2016-06-29T15:27:51+00:00"}'}
    headers:
      accept-ranges: [bytes]
      cache-control: [no-cache]
      connection: [keep-alive]
      content-length: ['192']
      content-type: [application/json]
      date: ['Wed, 29 Jun 2016 15:27:51 GMT']
      fastly-ratelimit-remaining: ['980']
      fastly-ratelimit-reset: ['1467216000']
      status: [200 OK]
      vary: [Accept-Encoding]
      via: [1.1 varnish, 1.1 varnish]
      x-cache: ['MISS, MISS']
      x-cache-hits: ['0, 0']
      x-served-by: ['app-slwdc9051-SL, cache-lhr6332-LHR']
    status: {code: 200, message: OK}
- request:
    body: !!python/unicode '{"address": "127.0.0.1", "name": "localhost", "port":
      80}'
    headers:
      Content-Type: [application/json]
    method: POST
    uri: https://api.fastly.com/service/HDJQLQIaeDbxANyfGaEeg/version/2/backend
  response:
    body: {string: !!python/unicode '{"address":"127.0.0.1","name":"localhost","port":80,"service_id":"HDJQLQIaeDbxANyfGaEeg","version":2,"max_tls_version":null,"ssl_client_cert":null,"hostname":null,"error_threshold":0,"first_byte_timeout":15000,"client_cert":null,"weight":100,"updated_at":"2016-06-29T15:27:51+00:00","connect_timeout":1000,"ipv4":"127.0.0.1","ssl_ciphers":null,"between_bytes_timeout":10000,"ssl_client_key":null,"ssl_ca_cert":null,"auto_loadbalance":false,"ssl_check_cert":false,"shield":null,"request_condition":"","ssl_cert_hostname":null,"ssl_hostname":null,"ssl_sni_hostname":null,"min_tls_version":null,"ipv6":null,"deleted_at":null,"healthcheck":null,"max_conn":200,"use_ssl":false,"created_at":"2016-06-29T15:27:51+00:00","comment":""}'}
    headers:
      accept-ranges: [bytes]
      cache-control: [no-cache]
      connection: [keep-alive]
      content-length: ['726']
      content-type: [application/json]
      date: ['Wed, 29 Jun 2016 15:27:51 GMT']
      fastly-ratelimit-remaining: ['979']
      fastly-ratelimit-reset: ['1467216000']
      status: [200 OK]
      vary: [Accept-Encoding]
      via: [1.1 varnish, 1.1 varnish]
      x-cache: ['MISS, MISS']
      x-cache-hits: ['0, 0']
      x-served-by: ['app-slwdc9050-SL, cache-lhr6329-LHR']
    status: {code: 200, message: OK}
- request:
    body: !!python/unicode '{"ignore_if_set": "0", "src": "\"https://u.jimcdn.com\"
      req.url.path", "name": "Set Location header", "dst": "http.Location", "priority":
      "10", "action": "set", "type": "response"}'
    headers:
      Content-Type: [application/json]
    method: POST
    uri: https://api.fastly.com/service/HDJQLQIaeDbxANyfGaEeg/version/2/header
  response:
    body: {string: !!python/unicode '{"ignore_if_set":"0","src":"\"https://u.jimcdn.com\"
        req.url.path","name":"Set Location header","dst":"http.Location","priority":"10","action":"set","type":"response","service_id":"HDJQLQIaeDbxANyfGaEeg","version":"2","request_condition":null,"response_condition":null,"updated_at":"2016-06-29T15:27:51+00:00","deleted_at":null,"substitution":"","cache_condition":null,"created_at":"2016-06-29T15:27:51+00:00","regex":""}'}
    headers:
      accept-ranges: [bytes]
      cache-control: [no-cache]
      connection: [keep-alive]
      content-length: ['421']
      content-type: [application/json]
      date: ['Wed, 29 Jun 2016 15:27:51 GMT']
      fastly-ratelimit-remaining: ['978']
      fastly-ratelimit-reset: ['1467216000']
      status: [200 OK]
      vary: [Accept-Encoding]
      via: [1.1 varnish, 1.1 varnish]
      x-cache: ['MISS, MISS']
      x-cache-hits: ['0, 0']
      x-served-by: ['app-slwdc9051-SL, cache-lhr6341-LHR']
    status: {code: 200, message: OK}
- request:
    body: !!python/unicode '{"status": "302", "name": "Set 302 status code", "response":
      "Ok"}'
    headers:
      Content-Type: [application/json]
    method: POST
    uri: https://api.fastly.com/service/HDJQLQIaeDbxANyfGaEeg/version/2/response_object
  response:
    body: {string: !!python/unicode '{"status":"302","name":"Set 302 status code","response":"Ok","service_id":"HDJQLQIaeDbxANyfGaEeg","version":"2","content":null,"deleted_at":null,"cache_condition":"","created_at":"2016-06-29T15:27:52+00:00","content_type":null,"request_condition":"","updated_at":"2016-06-29T15:27:52+00:00"}'}
    headers:
      accept-ranges: [bytes]
      cache-control: [no-cache]
      connection: [keep-alive]
      content-length: ['291']
      content-type: [application/json]
      date: ['Wed, 29 Jun 2016 15:27:52 GMT']
      fastly-ratelimit-remaining: ['977']
      fastly-ratelimit-reset: ['1467216000']
      status: [200 OK]
      vary: [Accept-Encoding]
      via: [1.1 varnish, 1.1 varnish]
      x-cache: ['MISS, MISS']
      x-cache-hits: ['0, 0']
      x-served-by: ['app-slwdc9050-SL, cache-lhr6323-LHR']
    status: {code: 200, message: OK}
- request:
    body: null
    headers:
      Content-Type: [application/json]
    method: PUT
    uri: https://api.fastly.com/service/HDJQLQIaeDbxANyfGaEeg/version/2/activate
  response:
    body: {string: !!python/unicode '{"testing":false,"locked":true,"number":2,"active":true,"service_id":"HDJQLQIaeDbxANyfGaEeg","staging":false,"created_at":"2016-06-29T15:27:49+00:00","deleted_at":null,"comment":"","updated_at":"2016-06-29T15:27:49+00:00","deployed":false,"msg":null}'}
    headers:
      accept-ranges: [bytes]
      cache-control: [no-cache]
      connection: [keep-alive]
      content-length: ['250']
      content-type: [application/json]
      date: ['Wed, 29 Jun 2016 15:27:52 GMT']
      fastly-ratelimit-remaining: ['976']
      fastly-ratelimit-reset: ['1467216000']
      status: [200 OK]
      vary: [Accept-Encoding]
      via: [1.1 varnish, 1.1 varnish]
      x-cache: ['MISS, MISS']
      x-cache-hits: ['0, 0']
      x-served-by: ['app-slwdc9050-SL, cache-lhr6326-LHR']
    status: {code: 200, message: OK}
- request:
    body: null
    headers:
      Content-Type: [application/json]
    method: GET
    uri: https://api.fastly.com/service/HDJQLQIaeDbxANyfGaEeg/details
  response:
    body: {string: !!python/unicode '{"name":"Jimdo Fastly Ansible Module Test","deleted_at":null,"versions":[{"testing":false,"locked":false,"number":1,"active":false,"service_id":"HDJQLQIaeDbxANyfGaEeg","staging":false,"created_at":"2016-06-29T15:27:48+00:00","deleted_at":null,"comment":"","updated_at":"2016-06-29T15:27:48+00:00","deployed":false},{"testing":false,"locked":true,"number":2,"active":true,"service_id":"HDJQLQIaeDbxANyfGaEeg","staging":false,"created_at":"2016-06-29T15:27:49+00:00","deleted_at":null,"comment":"","updated_at":"2016-06-29T15:27:52+00:00","deployed":false}],"created_at":"2016-06-29T15:27:48+00:00","customer_id":"15DqjG1ON0S28gluYrATvC","comment":"","updated_at":"2016-06-29T15:27:48+00:00","id":"HDJQLQIaeDbxANyfGaEeg","version":{"testing":false,"number":2,"service_id":"HDJQLQIaeDbxANyfGaEeg","staging":false,"updated_at":"2016-06-29T15:27:52+00:00","deployed":false,"locked":true,"active":true,"deleted_at":null,"created_at":"2016-06-29T15:27:49+00:00","comment":"","backends":[{"max_tls_version":null,"ssl_ca_cert":null,"auto_loadbalance":false,"ssl_check_cert":true,"shield":null,"hostname":null,"ssl_client_cert":null,"error_threshold":0,"request_condition":"","first_byte_timeout":15000,"ssl_cert_hostname":null,"weight":100,"client_cert":null,"address":"127.0.0.1","ssl_hostname":null,"ssl_sni_hostname":null,"min_tls_version":null,"ipv6":null,"ipv4":"127.0.0.1","connect_timeout":1000,"ssl_ciphers":null,"name":"localhost","healthcheck":null,"port":80,"max_conn":200,"use_ssl":false,"comment":"","between_bytes_timeout":10000,"ssl_client_key":null}],"directors":[],"domains":[{"comment":"","name":"cdn.example7000.com"}],"healthchecks":[],"matches":[],"vcls":[],"wordpress":[],"settings":{"general.default_ttl":3600,"general.default_host":"","general.default_pci":0},"conditions":[],"request_settings":[],"cache_settings":[],"response_objects":[{"request_condition":"","content_type":null,"status":"302","response":"Ok","name":"Set
        302 status code","content":null,"cache_condition":""}],"headers":[{"priority":"10","src":"\"https://u.jimcdn.com\"
        req.url.path","name":"Set Location header","substitution":"","ignore_if_set":"0","cache_condition":null,"request_condition":null,"regex":"","response_condition":null,"action":"set","type":"response","dst":"http.Location"}],"gzips":[]},"active_version":{"testing":false,"number":2,"service_id":"HDJQLQIaeDbxANyfGaEeg","staging":false,"updated_at":"2016-06-29T15:27:52+00:00","deployed":false,"locked":true,"active":true,"deleted_at":null,"created_at":"2016-06-29T15:27:49+00:00","comment":"","backends":[{"max_tls_version":null,"ssl_ca_cert":null,"auto_loadbalance":false,"ssl_check_cert":true,"shield":null,"hostname":null,"ssl_client_cert":null,"error_threshold":0,"request_condition":"","first_byte_timeout":15000,"ssl_cert_hostname":null,"weight":100,"client_cert":null,"address":"127.0.0.1","ssl_hostname":null,"ssl_sni_hostname":null,"min_tls_version":null,"ipv6":null,"ipv4":"127.0.0.1","connect_timeout":1000,"ssl_ciphers":null,"name":"localhost","healthcheck":null,"port":80,"max_conn":200,"use_ssl":false,"comment":"","between_bytes_timeout":10000,"ssl_client_key":null}],"directors":[],"domains":[{"comment":"","name":"cdn.example7000.com"}],"healthchecks":[],"matches":[],"vcls":[],"wordpress":[],"settings":{"general.default_ttl":3600,"general.default_host":"","general.default_pci":0},"conditions":[],"request_settings":[],"cache_settings":[],"response_objects":[{"request_condition":"","content_type":null,"status":"302","response":"Ok","name":"Set
        302 status code","content":null,"cache_condition":""}],"headers":[{"priority":"10","src":"\"https://u.jimcdn.com\"
        req.url.path","name":"Set Location header","substitution":"","ignore_if_set":"0","cache_condition":null,"request_condition":null,"regex":"","response_condition":null,"action":"set","type":"response","dst":"http.Location"}],"gzips":[]}}'}
    headers:
      accept-ranges: [bytes]
      age: ['0']
      cache-control: [no-cache]
      connection: [keep-alive]
      content-length: ['3868']
      content-type: [application/json]
      date: ['Wed, 29 Jun 2016 15:27:53 GMT']
      status: [200 OK]
      vary: [Accept-Encoding]
      via: [1.1 varnish, 1.1 varnish]
      x-cache: ['MISS, MISS']
      x-cache-hits: ['0, 0']
      x-served-by: ['app-slwdc9050-SL, cache-lhr6328-LHR']
    status: {code: 200, message: OK}
version: 1
